[11:28:07] 🌐 Booting Dual-Core Wave Rider Matrix...
[11:28:07] 🪙 [Crypto Core] Connecting to Multi-Asset WebSocket...
[11:28:07] 📈 [Options Core] Initializing XSP Volatility Engine...
[11:28:17] 🔄 [Sync Engine] Background reconciliation loop armed.
[11:28:17] ⚠ [Crypto System] Crash Detected: timed out during opening handshake. Reconnecting...
[11:49:06] 🌐 Booting Dual-Core Wave Rider Matrix...
[11:49:07] 🪙 [Crypto Core] Connecting to Multi-Asset WebSocket...
[11:49:07] 📈 [Options Core] Initializing XSP Volatility Engine...
[11:49:17] 🔄 [Sync Engine] Background reconciliation loop armed.
[11:49:17] ⚠ [Crypto System] Crash Detected: timed out during opening handshake. Reconnecting...
[11:50:14]    🏦 [CRYPTO BUY] Filled 97.0112 [92mSOLUSDT[0m ($10,186.18)
[11:55:07] 🌐 Booting Dual-Core Wave Rider Matrix...
[11:55:07] 🪙 [Crypto Core] Connecting to Multi-Asset WebSocket...
[11:55:07] 📈 [Options Core] Initializing XSP Volatility Engine...
[11:55:19] 🔄 [Sync Engine] Background reconciliation loop armed.
[11:55:19] ⚠ [Crypto System] Crash Detected: timed out during opening handshake. Reconnecting...
[11:58:07]    🏦 [CRYPTO BUY] Filled 14554.0948 [92mXRPUSDT[0m ($21,304.28)
[12:03:54] 🌐 Booting Dual-Core Wave Rider Matrix...
[12:03:54] 🪙 [Crypto Core] Connecting to Multi-Asset WebSocket...
[12:03:54] 📈 [Options Core] Initializing XSP Volatility Engine...
[12:04:04] 🔄 [Sync Engine] Background reconciliation loop armed.
[12:04:04] ⚠ [Crypto System] Crash Detected: timed out during opening handshake. Reconnecting...
[12:09:43] 🌐 Booting Dual-Core Wave Rider Matrix...
[12:09:43] 🪙 [Crypto Core] Connecting to Multi-Asset WebSocket...
[12:09:43] 📈 [Options Core] Initializing XSP Volatility Engine...
[12:09:54] 🔄 [Sync Engine] Background reconciliation loop armed.
[12:09:54] ⚠ [Crypto System] Crash Detected: timed out during opening handshake. Reconnecting...
[12:11:09]    🏦 [CRYPTO BUY] Filled 27301.8907 [92mXRPUSDT[0m ($40,000.00)
[12:12:23] 🌐 Booting Dual-Core Wave Rider Matrix...
[12:12:23] 🪙 [Crypto Core] Connecting to Multi-Asset WebSocket...
[12:12:23] 📈 [Options Core] Initializing XSP Volatility Engine...
[12:12:35] 🔄 [Sync Engine] Background reconciliation loop armed.
[12:12:35] ⚠ [Crypto System] Crash Detected: timed out during opening handshake. Reconnecting...
[12:16:24] 🌐 Booting Dual-Core Wave Rider Matrix...
[12:16:25] 🪙 [Crypto Core] Connecting to Multi-Asset WebSocket...
[12:16:25] 📈 [Options Core] Initializing XSP Volatility Engine...
[12:16:36] 🔄 [Sync Engine] Background reconciliation loop armed.
[12:16:36] ⚠ [Crypto System] Crash Detected: timed out during opening handshake. Reconnecting...
[12:17:55] 🌐 Booting Dual-Core Wave Rider Matrix...
[12:17:55] 🪙 [Crypto Core] Connecting to Multi-Asset WebSocket...
[12:17:55] 📈 [Options Core] Initializing XSP Volatility Engine...
[12:18:06] 🔄 [Sync Engine] Background reconciliation loop armed.
[12:18:06] ⚠ [Crypto System] Crash Detected: timed out during opening handshake. Reconnecting...
[12:21:02]    🏦 [CRYPTO BUY] Filled 266386.3271 [92mDOGEUSDT[0m ($23,846.90)
[12:36:46] 🌐 Booting Dual-Core Wave Rider Matrix...
[12:36:47] 🪙 [Crypto Core] Connecting to Multi-Asset WebSocket...
[12:36:47] 📈 [Options Core] Initializing XSP Volatility Engine...
[12:36:57] 🔄 [Sync Engine] Background reconciliation loop armed.
[13:27:11]    🤑 [TAKE PROFIT] +$299.6 on [94mXRPUSDT[0m
[13:34:20]    🏦 [CRYPTO BUY] Filled 135040.4656 [92mADAUSDT[0m ($30,161.29)
